// Jest Snapshot v1, https://goo.gl/fbAQLP

exports[`AMP Pashto On Demand TV Page AMP Consent config 1`] = `
{
  "consents": {
    "user-consent": {
      "promptIfUnknownForGeoGroup": "eea",
      "promptUI": "consent-prompt",
    },
  },
  "policy": {
    "default": {
      "timeout": {
        "fallbackAction": "reject",
        "seconds": 0,
      },
      "waitFor": {
        "user-consent": [],
      },
    },
  },
}
`;

exports[`AMP Pashto On Demand TV Page AMP Geo config 1`] = `
{
  "AmpBind": true,
  "ISOCountryGroups": {
    "eea": [
      "at",
      "ax",
      "be",
      "bg",
      "bl",
      "cy",
      "cz",
      "de",
      "dk",
      "ea",
      "ee",
      "es",
      "fi",
      "fr",
      "gb",
      "gf",
      "gg",
      "gi",
      "gp",
      "gr",
      "hr",
      "hu",
      "ic",
      "ie",
      "im",
      "is",
      "it",
      "je",
      "li",
      "lt",
      "lu",
      "lv",
      "mf",
      "mq",
      "mt",
      "nc",
      "nl",
      "no",
      "pf",
      "pl",
      "pm",
      "pt",
      "re",
      "ro",
      "se",
      "si",
      "sj",
      "sk",
      "tf",
      "va",
      "wf",
      "yt",
    ],
    "gbOrUnknown": [
      "gb",
      "gg",
      "im",
      "je",
      "uk",
      "unknown",
    ],
  },
}
`;

exports[`AMP Pashto On Demand TV Page Expired Episode I can see the 'Content is not available' placeholder 1`] = `"دغه فایل نور د لاسرسي وړ نه دی."`;

exports[`AMP Pashto On Demand TV Page Expired Episode I can see the brand title 1`] = `"نړۍ دا وخت"`;

exports[`AMP Pashto On Demand TV Page Expired Episode I can see the episode summary 1`] = `"د بي بي سي پښتو ټلویزیوني خپرونه چې هره ورځ د افغانستان په شپږ بجو په ژوندۍ بڼه خپرېږي. دلته یې لیدلی شئ."`;

exports[`AMP Pashto On Demand TV Page Expired Episode I can see the episode title 1`] = `"۲۸ می ۲۰۲۰"`;

exports[`AMP Pashto On Demand TV Page Expired Episode a11y Assistive technology reads the brand and episode title as the headline 1`] = `"نړۍ دا وخت, ۲۸ می ۲۰۲۰"`;
