// Jest Snapshot v1, https://goo.gl/fbAQLP

exports[`Canonical Articles Flourish Embed Story should match snapshot 1`] = `null`;
