// Jest Snapshot v1, https://goo.gl/fbAQLP

exports[`Live Page creates snapshot of the live page 1`] = `
.emotion-0 {
  background-color: #141414;
}

@media screen and (forced-colors: active) {
  .emotion-0 {
    border-bottom: solid 0.1875rem transparent;
  }
}

.emotion-1 {
  max-width: 80rem;
  margin: 0 auto;
  display: grid;
  grid-template-columns: repeat(12, 1fr);
  padding: 1rem 0.5rem;
}

@media (min-width: 25rem) {
  .emotion-1 {
    padding: 1rem;
  }
}

@media (min-width: 63rem) {
  .emotion-1 {
    -webkit-padding-start: 1rem;
    padding-inline-start: 1rem;
    -webkit-padding-end: 1rem;
    padding-inline-end: 1rem;
    padding-top: 1.5rem;
    padding-bottom: 2rem;
    -webkit-column-gap: 1rem;
    column-gap: 1rem;
  }
}

.emotion-2 {
  color: #141414;
  font-size: 1.25rem;
  line-height: 1.5rem;
  font-family: ReithSans,Helvetica,Arial,sans-serif;
  font-style: normal;
  font-weight: 700;
  margin: 0;
  grid-column: 1/span 12;
}

@media (min-width: 20rem) and (max-width: 37.4375rem) {
  .emotion-2 {
    font-size: 1.5rem;
    line-height: 1.75rem;
  }
}

@media (min-width: 37.5rem) {
  .emotion-2 {
    font-size: 2rem;
    line-height: 2.25rem;
  }
}

.emotion-3 {
  display: grid;
  grid-template-columns: repeat(12, 1fr);
}

@media (min-width: 63rem) {
  .emotion-3 {
    -webkit-column-gap: 1rem;
    column-gap: 1rem;
  }
}

.emotion-4 {
  color: #00CCC7;
  grid-column: 1/span 12;
  margin-bottom: 1rem;
}

@media (min-width: 63rem) {
  .emotion-4 {
    -webkit-padding-start: 1rem;
    padding-inline-start: 1rem;
    grid-column: 1/span 4;
    margin-bottom: 0;
  }
}

@media (min-width: 80rem) {
  .emotion-4 {
    grid-column: 1/span 3;
  }
}

.emotion-5 {
  -webkit-clip-path: inset(100%);
  clip-path: inset(100%);
  clip: rect(1px, 1px, 1px, 1px);
  height: 1px;
  overflow: hidden;
  position: absolute;
  width: 1px;
  margin: 0;
}

.emotion-6 {
  color: #FEFEFE;
  grid-column: 1/span 12;
}

@media (min-width: 63rem) {
  .emotion-6 {
    grid-column: 5/span 8;
  }
}

@media (min-width: 80rem) {
  .emotion-6 {
    grid-column: 4/span 9;
  }
}

.emotion-7 {
  color: #141414;
  font-size: 0.9375rem;
  line-height: 1.25rem;
  font-family: ReithSans,Helvetica,Arial,sans-serif;
  font-style: normal;
  font-weight: 400;
  color: #F6F6F6;
  grid-column: 1/span 12;
  margin: 0;
  margin-top: 1rem;
}

@media (min-width: 20rem) and (max-width: 37.4375rem) {
  .emotion-7 {
    font-size: 1rem;
    line-height: 1.25rem;
  }
}

@media (min-width: 37.5rem) {
  .emotion-7 {
    font-size: 1rem;
    line-height: 1.25rem;
  }
}

@media (min-width: 63rem) {
  .emotion-7 {
    grid-column: 5/span 8;
  }
}

@media (min-width: 80rem) {
  .emotion-7 {
    grid-column: 4/span 9;
  }
}

.emotion-8 {
  max-width: 80rem;
  margin: 0 auto;
  display: grid;
  grid-template-columns: repeat(12, 1fr);
  padding: 0.5rem 0.5rem;
}

@media (min-width: 25rem) {
  .emotion-8 {
    padding: 1rem;
  }
}

@media (min-width: 63rem) {
  .emotion-8 {
    -webkit-padding-start: 1rem;
    padding-inline-start: 1rem;
    -webkit-padding-end: 1rem;
    padding-inline-end: 1rem;
    padding-top: 0.5rem;
    padding-bottom: 2rem;
    -webkit-column-gap: 1rem;
    column-gap: 1rem;
  }
}

.emotion-9 {
  grid-column: 1/13;
}

@media (min-width: 63rem) {
  .emotion-9 {
    grid-column: 1/5;
  }
}

@media (min-width: 80rem) {
  .emotion-9 {
    grid-column: 1/4;
  }
}

.emotion-10 {
  color: #141414;
  font-size: 1.25rem;
  line-height: 1.5rem;
  font-family: ReithSans,Helvetica,Arial,sans-serif;
  font-style: normal;
  font-weight: 700;
  margin: 0;
  padding: 0.5rem 0 1rem;
}

@media (min-width: 20rem) and (max-width: 37.4375rem) {
  .emotion-10 {
    font-size: 1.5rem;
    line-height: 1.75rem;
  }
}

@media (min-width: 37.5rem) {
  .emotion-10 {
    font-size: 2rem;
    line-height: 2.25rem;
  }
}

@media (min-width: 25rem) and (max-width: 37.4375rem) {
  .emotion-10 {
    padding-top: 0;
  }
}

@media (min-width: 37.5rem) {
  .emotion-10 {
    font-size: 1.125rem;
    line-height: 1.375rem;
  }

  @media (min-width: 20rem) and (max-width: 37.4375rem) {
    .emotion-10 {
      font-size: 1.25rem;
      line-height: 1.5rem;
    }
  }

  @media (min-width: 37.5rem) {
    .emotion-10 {
      font-size: 1.5rem;
      line-height: 1.75rem;
    }
  }
}

@media (min-width: 63rem) {
  .emotion-10 {
    padding-top: 1rem;
  }
}

.emotion-11 {
  color: #141414;
  background-color: #F6F6F6;
  border: solid 0.1875rem transparent;
  padding: 1rem 0.5rem 1rem;
}

@media (min-width: 25rem) {
  .emotion-11 {
    padding: 1rem 0 1rem;
  }
}

@media (min-width: 63rem) {
  .emotion-11 {
    padding: 1rem 1rem 1rem;
  }
}

.emotion-11 li {
  -webkit-padding-start: 0.1875rem;
  padding-inline-start: 0.1875rem;
}

.emotion-11 li:last-child {
  margin-bottom: 0;
}

.emotion-11 ul {
  -webkit-padding-start: 1rem;
  padding-inline-start: 1rem;
  margin-bottom: 0;
}

.emotion-11 p {
  padding-bottom: 0;
}

.emotion-11 a {
  color: #141414;
  font-family: ReithSans,Helvetica,Arial,sans-serif;
  font-style: normal;
  font-weight: 700;
  border-bottom: 0.0625rem solid #141414;
}

.emotion-11 a:visited {
  color: #545658;
}

.emotion-12 {
  margin-bottom: 1.5rem;
}

@media (max-width: 14.9375rem) {
  .emotion-12 {
    padding: 0 0.5rem;
    margin-left: 0%;
  }
}

@media (min-width: 15rem) and (max-width: 24.9375rem) {
  .emotion-12 {
    padding: 0 0.5rem;
    margin-left: 0%;
  }
}

@media (min-width: 25rem) and (max-width: 37.4375rem) {
  .emotion-12 {
    padding: 0 1rem;
    margin-left: 0%;
  }
}

@media (min-width: 37.5rem) and (max-width: 62.9375rem) {
  .emotion-12 {
    padding: 0 1rem;
    margin-left: 0%;
  }
}

@media (min-width: 63rem) and (max-width: 79.9375rem) {
  .emotion-12 {
    margin-left: 20%;
  }
}

@media (min-width: 80rem) {
  .emotion-12 {
    margin-left: 40%;
  }
}

@supports (display: grid) {
  .emotion-12 {
    display: block;
    width: initial;
    margin: 0;
  }

  @media (max-width: 14.9375rem) {
    .emotion-12 {
      grid-template-columns: repeat(6, 1fr);
      grid-column-end: span 6;
      padding: 0 0.5rem;
      grid-column-start: 1;
    }
  }

  @media (min-width: 15rem) and (max-width: 24.9375rem) {
    .emotion-12 {
      grid-template-columns: repeat(6, 1fr);
      grid-column-end: span 6;
      padding: 0 0.5rem;
      grid-column-start: 1;
    }
  }

  @media (min-width: 25rem) and (max-width: 37.4375rem) {
    .emotion-12 {
      grid-template-columns: repeat(6, 1fr);
      grid-column-end: span 6;
      padding: 0 1rem;
      grid-column-start: 1;
    }
  }

  @media (min-width: 37.5rem) and (max-width: 62.9375rem) {
    .emotion-12 {
      grid-template-columns: repeat(5, 1fr);
      grid-column-end: span 5;
      padding: 0 1rem;
      grid-column-start: 1;
    }
  }

  @media (min-width: 63rem) and (max-width: 79.9375rem) {
    .emotion-12 {
      grid-template-columns: repeat(5, 1fr);
      grid-column-end: span 5;
      grid-column-start: 2;
    }
  }

  @media (min-width: 80rem) {
    .emotion-12 {
      grid-template-columns: repeat(10, 1fr);
      grid-column-end: span 10;
      grid-column-start: 5;
    }
  }
}

.emotion-13 {
  font-size: 0.9375rem;
  line-height: 1.25rem;
  font-family: ReithSans,Helvetica,Arial,sans-serif;
  font-weight: 400;
  font-style: normal;
  margin-top: 0;
  list-style-type: none;
}

@media (min-width: 20rem) and (max-width: 37.4375rem) {
  .emotion-13 {
    font-size: 1rem;
    line-height: 1.375rem;
  }
}

@media (min-width: 37.5rem) {
  .emotion-13 {
    font-size: 1rem;
    line-height: 1.375rem;
  }
}

.emotion-13>li {
  position: relative;
}

.emotion-13>li::before {
  top: 0.5rem;
  content: ' ';
  position: absolute;
  border-width: 1rem;
  border: 0.1875rem solid #141414;
  background-color: #141414;
  border-radius: 0;
  left: -1rem;
}

.emotion-14 {
  margin-bottom: 1rem;
}

.emotion-17 {
  color: #222222;
  border-bottom: 1px solid #B80000;
  -webkit-text-decoration: none;
  text-decoration: none;
}

.emotion-17:visited {
  color: #6E6E73;
  border-bottom: 1px solid #6E6E73;
}

.emotion-17:focus,
.emotion-17:hover {
  border-bottom: 2px solid #B80000;
  color: #B80000;
}

.emotion-18 {
  grid-column: 1/13;
}

@media (min-width: 63rem) {
  .emotion-18 {
    grid-column: 5/13;
  }
}

@media (min-width: 80rem) {
  .emotion-18 {
    grid-column: 4/13;
  }
}

.emotion-19 {
  color: #141414;
  font-size: 1.25rem;
  line-height: 1.5rem;
  font-family: ReithSans,Helvetica,Arial,sans-serif;
  font-style: normal;
  font-weight: 700;
  margin: 0;
  padding: 1rem 0 1rem;
}

@media (min-width: 20rem) and (max-width: 37.4375rem) {
  .emotion-19 {
    font-size: 1.5rem;
    line-height: 1.75rem;
  }
}

@media (min-width: 37.5rem) {
  .emotion-19 {
    font-size: 2rem;
    line-height: 2.25rem;
  }
}

@media (min-width: 37.5rem) {
  .emotion-19 {
    font-size: 1.125rem;
    line-height: 1.375rem;
    padding-top: 1.5rem;
  }

  @media (min-width: 20rem) and (max-width: 37.4375rem) {
    .emotion-19 {
      font-size: 1.25rem;
      line-height: 1.5rem;
    }
  }

  @media (min-width: 37.5rem) {
    .emotion-19 {
      font-size: 1.5rem;
      line-height: 1.75rem;
    }
  }
}

@media (min-width: 63rem) {
  .emotion-19 {
    padding-top: 1rem;
  }
}

.emotion-20 {
  color: #141414;
  font-size: 0.9375rem;
  line-height: 1.25rem;
  font-family: ReithSans,Helvetica,Arial,sans-serif;
  font-style: normal;
  font-weight: 400;
  margin: 0;
  padding-bottom: 1rem;
}

@media (min-width: 20rem) and (max-width: 37.4375rem) {
  .emotion-20 {
    font-size: 1rem;
    line-height: 1.375rem;
  }
}

@media (min-width: 37.5rem) {
  .emotion-20 {
    font-size: 1rem;
    line-height: 1.375rem;
  }
}

@media (min-width: 37.5rem) {
  .emotion-20 {
    padding-bottom: 1.5rem;
  }
}

.emotion-21 {
  margin-block: 0;
  padding-inline: 0;
}

.emotion-22 {
  list-style-type: none;
}

.emotion-23 {
  margin: 0 0 1rem;
}

@media (min-width: 25rem) {
  .emotion-23 {
    margin: 0 0 1.5rem;
  }
}

@media (min-width: 63rem) {
  .emotion-23 {
    margin: 0 0 1rem;
  }
}

@media screen and (forced-colors: active) {
  .emotion-23 {
    border: solid 0.1875rem transparent;
    border-top: solid 0.0625rem transparent;
  }
}

.emotion-24 {
  background-color: #F6F6F6;
}

.emotion-25 {
  color: #141414;
  font-size: 1.125rem;
  line-height: 1.375rem;
  font-family: ReithSans,Helvetica,Arial,sans-serif;
  font-style: normal;
  font-weight: 700;
  margin: 0;
}

@media (min-width: 20rem) and (max-width: 37.4375rem) {
  .emotion-25 {
    font-size: 1.25rem;
    line-height: 1.5rem;
  }
}

@media (min-width: 37.5rem) {
  .emotion-25 {
    font-size: 1.5rem;
    line-height: 1.75rem;
  }
}

.emotion-26 {
  -webkit-align-items: flex-start;
  -webkit-box-align: flex-start;
  -ms-flex-align: flex-start;
  align-items: flex-start;
  display: -webkit-box;
  display: -webkit-flex;
  display: -ms-flexbox;
  display: flex;
  -webkit-box-flex-wrap: wrap;
  -webkit-flex-wrap: wrap;
  -ms-flex-wrap: wrap;
  flex-wrap: wrap;
  border-top: solid 0.125rem #B80000;
  background-color: #B80000;
}

@media screen and (forced-colors: active) {
  .emotion-26 {
    border-bottom: solid 0.1875rem transparent;
  }
}

.emotion-27 {
  font-size: 0.875rem;
  line-height: 1.125rem;
  color: #545658;
  display: block;
  font-family: ReithSans,Helvetica,Arial,sans-serif;
  font-weight: 400;
  font-style: normal;
  color: #FFFFFF;
  font-size: 0.875rem;
  line-height: 1.125rem;
  font-family: ReithSans,Helvetica,Arial,sans-serif;
  font-style: normal;
  font-weight: 400;
  padding: 0.25rem 0.75rem;
  background-color: #B80000;
}

@media (min-width: 20rem) and (max-width: 37.4375rem) {
  .emotion-27 {
    font-size: 0.875rem;
    line-height: 1.125rem;
  }
}

@media (min-width: 37.5rem) {
  .emotion-27 {
    font-size: 0.8125rem;
    line-height: 1rem;
  }
}

@media (min-width: 20rem) and (max-width: 37.4375rem) {
  .emotion-27 {
    font-size: 0.875rem;
    line-height: 1.125rem;
  }
}

@media (min-width: 37.5rem) {
  .emotion-27 {
    font-size: 0.8125rem;
    line-height: 1rem;
  }
}

.emotion-29 {
  color: #141414;
  font-size: 0.875rem;
  line-height: 1.125rem;
  font-family: ReithSans,Helvetica,Arial,sans-serif;
  font-style: normal;
  font-weight: 700;
  color: #FFFFFF;
  background-color: #B80000;
  -webkit-flex: 1 0 1;
  -ms-flex: 1 0 1;
  flex: 1 0 1;
  padding: 0.25rem 0.75rem;
}

@media (min-width: 20rem) and (max-width: 37.4375rem) {
  .emotion-29 {
    font-size: 0.875rem;
    line-height: 1.125rem;
  }
}

@media (min-width: 37.5rem) {
  .emotion-29 {
    font-size: 0.8125rem;
    line-height: 1rem;
  }
}

.emotion-31 {
  color: #141414;
  font-size: 1.125rem;
  line-height: 1.375rem;
  font-family: ReithSans,Helvetica,Arial,sans-serif;
  font-style: normal;
  font-weight: 700;
  color: #000000;
  display: block;
  margin: 0;
  padding: 1.5rem 1rem 0;
}

@media (min-width: 20rem) and (max-width: 37.4375rem) {
  .emotion-31 {
    font-size: 1.125rem;
    line-height: 1.375rem;
  }
}

@media (min-width: 37.5rem) {
  .emotion-31 {
    font-size: 1.25rem;
    line-height: 1.5rem;
  }
}

.emotion-32 {
  padding: 1rem 0.5rem 0.5rem;
}

@media (min-width: 25rem) {
  .emotion-32 {
    padding: 1rem 0 0.5rem 0;
  }
}

@media (min-width: 63rem) {
  .emotion-32 {
    padding: 1rem 1rem 0.5rem;
  }
}

@media (max-width: 14.9375rem) {
  .emotion-33 {
    padding: 0 0.5rem;
    margin-left: 0%;
  }
}

@media (min-width: 15rem) and (max-width: 24.9375rem) {
  .emotion-33 {
    padding: 0 0.5rem;
    margin-left: 0%;
  }
}

@media (min-width: 25rem) and (max-width: 37.4375rem) {
  .emotion-33 {
    padding: 0 1rem;
    margin-left: 0%;
  }
}

@media (min-width: 37.5rem) and (max-width: 62.9375rem) {
  .emotion-33 {
    padding: 0 1rem;
    margin-left: 0%;
  }
}

@media (min-width: 63rem) and (max-width: 79.9375rem) {
  .emotion-33 {
    margin-left: 20%;
  }
}

@media (min-width: 80rem) {
  .emotion-33 {
    margin-left: 40%;
  }
}

@supports (display: grid) {
  .emotion-33 {
    display: block;
    width: initial;
    margin: 0;
  }

  @media (max-width: 14.9375rem) {
    .emotion-33 {
      grid-template-columns: repeat(6, 1fr);
      grid-column-end: span 6;
      padding: 0 0.5rem;
      grid-column-start: 1;
    }
  }

  @media (min-width: 15rem) and (max-width: 24.9375rem) {
    .emotion-33 {
      grid-template-columns: repeat(6, 1fr);
      grid-column-end: span 6;
      padding: 0 0.5rem;
      grid-column-start: 1;
    }
  }

  @media (min-width: 25rem) and (max-width: 37.4375rem) {
    .emotion-33 {
      grid-template-columns: repeat(6, 1fr);
      grid-column-end: span 6;
      padding: 0 1rem;
      grid-column-start: 1;
    }
  }

  @media (min-width: 37.5rem) and (max-width: 62.9375rem) {
    .emotion-33 {
      grid-template-columns: repeat(5, 1fr);
      grid-column-end: span 5;
      padding: 0 1rem;
      grid-column-start: 1;
    }
  }

  @media (min-width: 63rem) and (max-width: 79.9375rem) {
    .emotion-33 {
      grid-template-columns: repeat(5, 1fr);
      grid-column-end: span 5;
      grid-column-start: 2;
    }
  }

  @media (min-width: 80rem) {
    .emotion-33 {
      grid-template-columns: repeat(10, 1fr);
      grid-column-end: span 10;
      grid-column-start: 5;
    }
  }
}

.emotion-34 {
  font-size: 0.9375rem;
  line-height: 1.25rem;
  font-family: ReithSans,Helvetica,Arial,sans-serif;
  font-weight: 400;
  font-style: normal;
  color: #141414;
  padding-bottom: 1.5rem;
  margin: 0;
  color: #000000;
  margin: 0;
  padding-bottom: 1rem;
}

@media (min-width: 20rem) and (max-width: 37.4375rem) {
  .emotion-34 {
    font-size: 1rem;
    line-height: 1.375rem;
  }
}

@media (min-width: 37.5rem) {
  .emotion-34 {
    font-size: 1rem;
    line-height: 1.375rem;
  }
}

@media (min-width: 63rem) {
  .emotion-34 {
    padding-right: 2.5rem;
  }
}

.emotion-34 ul {
  padding-bottom: 1rem;
  -webkit-padding-start: 1.5rem;
  padding-inline-start: 1.5rem;
}

@media (min-width: 63rem) {
  .emotion-34 ul {
    padding-bottom: 0;
  }
}

.emotion-34 li {
  margin-bottom: 0.5rem;
}

.emotion-34 li:last-child {
  margin-bottom: 0;
}

.emotion-39 {
  -webkit-align-items: flex-start;
  -webkit-box-align: flex-start;
  -ms-flex-align: flex-start;
  align-items: flex-start;
  display: -webkit-box;
  display: -webkit-flex;
  display: -ms-flexbox;
  display: flex;
  -webkit-box-flex-wrap: wrap;
  -webkit-flex-wrap: wrap;
  -ms-flex-wrap: wrap;
  flex-wrap: wrap;
  border-top: solid 0.125rem #B80000;
}

@media screen and (forced-colors: active) {
  .emotion-39 {
    border-bottom: solid 0.1875rem transparent;
  }
}

.emotion-55 {
  color: #141414;
  font-size: 0.875rem;
  line-height: 1.125rem;
  font-family: ReithSans,Helvetica,Arial,sans-serif;
  font-style: normal;
  font-weight: 400;
  color: #000000;
  display: block;
  margin: 0;
  padding: 0.25rem 1rem 0;
}

@media (min-width: 20rem) and (max-width: 37.4375rem) {
  .emotion-55 {
    font-size: 0.875rem;
    line-height: 1.125rem;
  }
}

@media (min-width: 37.5rem) {
  .emotion-55 {
    font-size: 0.8125rem;
    line-height: 1rem;
  }
}

@media (min-width: 37.5rem) {
  .emotion-55 {
    font-size: 0.9375rem;
    line-height: 1.125rem;
  }

  @media (min-width: 20rem) and (max-width: 37.4375rem) {
    .emotion-55 {
      font-size: 0.9375rem;
      line-height: 1.125rem;
    }
  }

  @media (min-width: 37.5rem) {
    .emotion-55 {
      font-size: 0.875rem;
      line-height: 1.125rem;
    }
  }
}

.emotion-59 {
  font-family: ReithSans,Helvetica,Arial,sans-serif;
  font-weight: 400;
  font-style: italic;
  font-family: inherit;
  font-weight: inherit;
}

.emotion-60 {
  margin-bottom: 1.5rem;
  color: #000000;
  margin: 0;
  padding-bottom: 1rem;
}

@media (max-width: 14.9375rem) {
  .emotion-60 {
    padding: 0 0.5rem;
    margin-left: 0%;
  }
}

@media (min-width: 15rem) and (max-width: 24.9375rem) {
  .emotion-60 {
    padding: 0 0.5rem;
    margin-left: 0%;
  }
}

@media (min-width: 25rem) and (max-width: 37.4375rem) {
  .emotion-60 {
    padding: 0 1rem;
    margin-left: 0%;
  }
}

@media (min-width: 37.5rem) and (max-width: 62.9375rem) {
  .emotion-60 {
    padding: 0 1rem;
    margin-left: 0%;
  }
}

@media (min-width: 63rem) and (max-width: 79.9375rem) {
  .emotion-60 {
    margin-left: 20%;
  }
}

@media (min-width: 80rem) {
  .emotion-60 {
    margin-left: 40%;
  }
}

@supports (display: grid) {
  .emotion-60 {
    display: block;
    width: initial;
    margin: 0;
  }

  @media (max-width: 14.9375rem) {
    .emotion-60 {
      grid-template-columns: repeat(6, 1fr);
      grid-column-end: span 6;
      padding: 0 0.5rem;
      grid-column-start: 1;
    }
  }

  @media (min-width: 15rem) and (max-width: 24.9375rem) {
    .emotion-60 {
      grid-template-columns: repeat(6, 1fr);
      grid-column-end: span 6;
      padding: 0 0.5rem;
      grid-column-start: 1;
    }
  }

  @media (min-width: 25rem) and (max-width: 37.4375rem) {
    .emotion-60 {
      grid-template-columns: repeat(6, 1fr);
      grid-column-end: span 6;
      padding: 0 1rem;
      grid-column-start: 1;
    }
  }

  @media (min-width: 37.5rem) and (max-width: 62.9375rem) {
    .emotion-60 {
      grid-template-columns: repeat(5, 1fr);
      grid-column-end: span 5;
      padding: 0 1rem;
      grid-column-start: 1;
    }
  }

  @media (min-width: 63rem) and (max-width: 79.9375rem) {
    .emotion-60 {
      grid-template-columns: repeat(5, 1fr);
      grid-column-end: span 5;
      grid-column-start: 2;
    }
  }

  @media (min-width: 80rem) {
    .emotion-60 {
      grid-template-columns: repeat(10, 1fr);
      grid-column-end: span 10;
      grid-column-start: 5;
    }
  }
}

.emotion-60 ul {
  padding-bottom: 1rem;
  -webkit-padding-start: 1.5rem;
  padding-inline-start: 1.5rem;
}

@media (min-width: 63rem) {
  .emotion-60 ul {
    padding-bottom: 0;
  }
}

.emotion-60 li {
  margin-bottom: 0.5rem;
}

.emotion-60 li:last-child {
  margin-bottom: 0;
}

.emotion-61 {
  font-size: 0.9375rem;
  line-height: 1.25rem;
  font-family: ReithSans,Helvetica,Arial,sans-serif;
  font-weight: 400;
  font-style: normal;
  margin-top: 0;
  list-style-type: none;
}

@media (min-width: 20rem) and (max-width: 37.4375rem) {
  .emotion-61 {
    font-size: 1rem;
    line-height: 1.375rem;
  }
}

@media (min-width: 37.5rem) {
  .emotion-61 {
    font-size: 1rem;
    line-height: 1.375rem;
  }
}

.emotion-61>li {
  position: relative;
}

.emotion-61>li::before {
  top: 0.5rem;
  content: ' ';
  position: absolute;
  border-width: 1rem;
  border: 0.1875rem solid #3F3F42;
  background-color: #3F3F42;
  border-radius: 50%;
  left: -1rem;
}

<div>
  <noscript />
  <main>
    <div
      class="emotion-0"
    >
      <div
        class="emotion-1"
      >
        <h1
          class="emotion-2"
          id="content"
          tabindex="-1"
        >
          <span
            class="emotion-3"
            role="text"
          >
            <span
              aria-hidden="true"
              class="emotion-4"
            >
              LIVE
            </span>
            <span
              class="emotion-5"
              lang="en-GB"
            >
              Live, 
            </span>
            <span
              class="emotion-6"
            >
              Pidgin test 2
            </span>
          </span>
        </h1>
        <p
          class="emotion-7"
        >
          Pidgin test 2 - the description
        </p>
      </div>
    </div>
    <div
      class="emotion-8"
    >
      <div
        class="emotion-9"
      >
        <section
          aria-label="Summary"
          data-e2e="key-points"
          role="region"
        >
          <h2
            class="emotion-10"
          >
            Summary
          </h2>
          <div
            class="emotion-11"
          >
            <div
              class="emotion-12"
              dir="ltr"
            >
              <ul
                class="emotion-13"
                dir="ltr"
                role="list"
              >
                <li
                  class="emotion-14"
                  role="listitem"
                >
                  I am the summary box
                </li>
                <li
                  class="emotion-14"
                  role="listitem"
                >
                  I need to include bulletpoints
                </li>
                <li
                  class="emotion-14"
                  role="listitem"
                >
                  I want to 
                  <a
                    class="focusIndicatorReducedWidth emotion-17"
                    href="/pidgin"
                  >
                    link to somebody
                  </a>
                </li>
              </ul>
            </div>
          </div>
        </section>
      </div>
      <div
        class="emotion-18"
      >
        <div>
          <h2
            class="emotion-19"
          >
            Live Reporting
          </h2>
          <p
            class="emotion-20"
            data-testid="live-contributors"
          >
            Not a random dude
          </p>
          <ol
            class="emotion-21"
            role="list"
          >
            <li
              class="emotion-22"
            >
              <article
                class="emotion-23"
              >
                <div
                  class="emotion-24"
                >
                  <h3
                    class="emotion-25"
                  >
                    <span
                      role="text"
                    >
                      <div
                        class="emotion-26"
                      >
                        <time
                          class="emotion-27"
                          datetime="09 May 2023"
                        >
                          9 May 2023
                        </time>
                        <span
                          class="emotion-5"
                        >
                          , 
                        </span>
                        <span
                          class="emotion-29"
                          data-testid="breaking-news-label"
                        >
                          Breaking
                        </span>
                        <span
                          class="emotion-5"
                        >
                          , 
                        </span>
                      </div>
                      <span
                        class="headingStyling emotion-31"
                      >
                        Breaking news
                      </span>
                    </span>
                  </h3>
                  <div
                    class="emotion-32"
                  >
                    <div
                      class="emotion-33"
                      dir="ltr"
                    >
                      <p
                        class="postStyles emotion-34"
                        dir="ltr"
                      >
                        Breaking news
                      </p>
                    </div>
                  </div>
                </div>
              </article>
            </li>
            <li
              class="emotion-22"
            >
              <article
                class="emotion-23"
              >
                <div
                  class="emotion-24"
                >
                  <h3
                    class="emotion-25"
                  >
                    <span
                      role="text"
                    >
                      <div
                        class="emotion-39"
                      >
                        <time
                          class="emotion-27"
                          datetime="09 May 2023"
                        >
                          9 May 2023
                        </time>
                        <span
                          class="emotion-5"
                        >
                          , 
                        </span>
                      </div>
                      <span
                        class="headingStyling emotion-31"
                      >
                        Published 6.07pm Tues 9th
                      </span>
                    </span>
                  </h3>
                  <div
                    class="emotion-32"
                  >
                    <div
                      class="emotion-33"
                      dir="ltr"
                    >
                      <p
                        class="postStyles emotion-34"
                        dir="ltr"
                      >
                        Timestamp test
                      </p>
                    </div>
                  </div>
                </div>
              </article>
            </li>
            <li
              class="emotion-22"
            >
              <article
                class="emotion-23"
              >
                <div
                  class="emotion-24"
                >
                  <h3
                    class="emotion-25"
                  >
                    <span
                      role="text"
                    >
                      <div
                        class="emotion-39"
                      >
                        <time
                          class="emotion-27"
                          datetime="21 March 2023"
                        >
                          21 March 2023
                        </time>
                        <span
                          class="emotion-5"
                        >
                          , 
                        </span>
                      </div>
                      <span
                        class="headingStyling emotion-31"
                      >
                        Another post
                      </span>
                      <span
                        class="emotion-5"
                      >
                        , 
                      </span>
                      <span
                        class="headingStyling emotion-55"
                      >
                        Another post sub headline
                      </span>
                    </span>
                  </h3>
                  <div
                    class="emotion-32"
                  >
                    <div
                      class="emotion-33"
                      dir="ltr"
                    >
                      <p
                        class="postStyles emotion-34"
                        dir="ltr"
                      >
                        <b>
                          Another 
                        </b>
                        <i
                          class="emotion-59"
                        >
                          short form text
                        </i>
                      </p>
                    </div>
                    <div
                      class="postStyles emotion-60"
                      dir="ltr"
                    >
                      <ul
                        class="emotion-61"
                        dir="ltr"
                        role="list"
                      >
                        <li
                          class="emotion-14"
                          role="listitem"
                        >
                          <i
                            class="emotion-59"
                          >
                            one
                          </i>
                        </li>
                        <li
                          class="emotion-14"
                          role="listitem"
                        >
                          <i
                            class="emotion-59"
                          >
                            two
                          </i>
                        </li>
                        <li
                          class="emotion-14"
                          role="listitem"
                        >
                          <i
                            class="emotion-59"
                          >
                            three
                          </i>
                        </li>
                      </ul>
                    </div>
                    <div
                      class="emotion-33"
                      dir="ltr"
                    >
                      <p
                        class="postStyles emotion-34"
                        dir="ltr"
                      />
                    </div>
                    <div
                      class="postStyles emotion-60"
                      dir="ltr"
                    >
                      <ul
                        class="emotion-61"
                        dir="ltr"
                        role="list"
                      >
                        <li
                          class="emotion-14"
                          role="listitem"
                        >
                          <i
                            class="emotion-59"
                          >
                            Bullet 1
                          </i>
                        </li>
                        <li
                          class="emotion-14"
                          role="listitem"
                        >
                          <i
                            class="emotion-59"
                          >
                            Bullet 2
                          </i>
                        </li>
                        <li
                          class="emotion-14"
                          role="listitem"
                        >
                          <i
                            class="emotion-59"
                          >
                            Bullet 3
                          </i>
                        </li>
                      </ul>
                    </div>
                    <div
                      class="emotion-33"
                      dir="ltr"
                    >
                      <p
                        class="postStyles emotion-34"
                        dir="ltr"
                      />
                    </div>
                    <div
                      class="emotion-33"
                      dir="ltr"
                    >
                      <p
                        class="postStyles emotion-34"
                        dir="ltr"
                      >
                        Here is a 
                        <a
                          class="focusIndicatorReducedWidth emotion-17"
                          href="/new/pidgin"
                        >
                          Link
                        </a>
                      </p>
                    </div>
                  </div>
                </div>
              </article>
            </li>
            <li
              class="emotion-22"
            >
              <article
                class="emotion-23"
              >
                <div
                  class="emotion-24"
                >
                  <h3
                    class="emotion-25"
                  >
                    <span
                      role="text"
                    >
                      <div
                        class="emotion-39"
                      >
                        <time
                          class="emotion-27"
                          datetime="21 March 2023"
                        >
                          21 March 2023
                        </time>
                        <span
                          class="emotion-5"
                        >
                          , 
                        </span>
                      </div>
                      <span
                        class="headingStyling emotion-31"
                      >
                        Post headline
                      </span>
                      <span
                        class="emotion-5"
                      >
                        , 
                      </span>
                      <span
                        class="headingStyling emotion-55"
                      >
                        Post sub headline
                      </span>
                    </span>
                  </h3>
                  <div
                    class="emotion-32"
                  >
                    <div
                      class="emotion-33"
                      dir="ltr"
                    >
                      <p
                        class="postStyles emotion-34"
                        dir="ltr"
                      >
                        Some short form text
                      </p>
                    </div>
                  </div>
                </div>
              </article>
            </li>
          </ol>
        </div>
      </div>
    </div>
  </main>
</div>
`;
