// Jest Snapshot v1, https://goo.gl/fbAQLP

exports[`AMP Articles Embed HTML should match snapshot 1`] = `
<div
  class="bbc-koled1-embedDiv"
  data-e2e="embed-error"
>
  <strong
    class="bbc-pgllns-Text"
  >
    Sorry, we canâ€™t display this part of the story on this lightweight mobile page.
  </strong>
  <div
    class="bbc-l03aby-errorLinkWrapper"
  >
    <a
      class="bbc-1gbmkx-self-inlineLink"
      href="http://localhost:7080/pidgin/articles/c39rjygpmv1o"
    >
      View the full version of the page to see all the content.
    </a>
  </div>
</div>
`;
