// Jest Snapshot v1, https://goo.gl/fbAQLP

exports[`Canonical Articles Media Player Caption should have a caption under the media player 1`] = `"توضیح ویدئو، این تصویر آزمایشی ، کپی رایت بی بی سی ، نقشه ای از فرانسه را نشان می دهد. تصویر در سه بلوک اول است و این عنوان را دارد."`;
