// Jest Snapshot v1, https://goo.gl/fbAQLP

exports[`AMP Articles Amp Iframe should match snapshot 1`] = `null`;
