// Jest Snapshot v1, https://goo.gl/fbAQLP

exports[`Script Link should render correctly 1`] = `<div />`;
