// Jest Snapshot v1, https://goo.gl/fbAQLP

exports[`Canonical Live Header I can see the branding 1`] = `".css-1o8f8s9-BrandSvg{box-sizing:content-box;color:#FFFFFF;fill:currentColor;height:1.25rem;}@media (min-width: 25rem){.css-1o8f8s9-BrandSvg{height:1.5rem;}}@media (min-width: 37.5rem){.css-1o8f8s9-BrandSvg{height:1.875rem;}}@media screen and (-ms-high-contrast: active),print{.css-1o8f8s9-BrandSvg{fill:windowText;}}/*# sourceMappingURL=data:application/json;charset=utf-8;base64,eyJ2ZXJzaW9uIjozLCJzb3VyY2VzIjpbIi9Vc2Vycy9zYWZmcmUwMS9zaW1vcmdoL3NyYy9hcHAvbGVnYWN5L3BzYW1tZWFkL3BzYW1tZWFkLWJyYW5kL3NyYy9pbmRleC5qc3giXSwibmFtZXMiOltdLCJtYXBwaW5ncyI6IkFBc0cyQiIsImZpbGUiOiIvVXNlcnMvc2FmZnJlMDEvc2ltb3JnaC9zcmMvYXBwL2xlZ2FjeS9wc2FtbWVhZC9wc2FtbWVhZC1icmFuZC9zcmMvaW5kZXguanN4Iiwic291cmNlc0NvbnRlbnQiOlsiaW1wb3J0IFJlYWN0LCB7IGZvcndhcmRSZWYgfSBmcm9tICdyZWFjdCc7XG5pbXBvcnQgc3R5bGVkIGZyb20gJ0BlbW90aW9uL3N0eWxlZCc7XG5pbXBvcnQgeyBzdHJpbmcsIG51bWJlciwgbm9kZSwgc2hhcGUsIGJvb2wgfSBmcm9tICdwcm9wLXR5cGVzJztcbmltcG9ydCB7XG4gIEdFTF9HUk9VUF8wX1NDUkVFTl9XSURUSF9NQVgsXG4gIEdFTF9HUk9VUF8yX1NDUkVFTl9XSURUSF9NSU4sXG4gIEdFTF9HUk9VUF8zX1NDUkVFTl9XSURUSF9NSU4sXG59IGZyb20gJyNwc2FtbWVhZC9nZWwtZm91bmRhdGlvbnMvc3JjL2JyZWFrcG9pbnRzJztcbmltcG9ydCB7XG4gIEdFTF9TUEFDSU5HX0hMRixcbiAgR0VMX1NQQUNJTkcsXG4gIEdFTF9TUEFDSU5HX0RCTCxcbn0gZnJvbSAnI3BzYW1tZWFkL2dlbC1mb3VuZGF0aW9ucy9zcmMvc3BhY2luZ3MnO1xuaW1wb3J0IHsgZm9jdXNJbmRpY2F0b3JUaGlja25lc3MgfSBmcm9tICcuLi8uLi8uLi8uLi9jb21wb25lbnRzL1RoZW1lUHJvdmlkZXIvZm9jdXNJbmRpY2F0b3InO1xuaW1wb3J0IFZpc3VhbGx5SGlkZGVuVGV4dCBmcm9tICcuLi8uLi8uLi8uLi9jb21wb25lbnRzL1Zpc3VhbGx5SGlkZGVuVGV4dCc7XG5cbmNvbnN0IFNWR19XUkFQUEVSX01BWF9XSURUSF9BQk9WRV8xMjgwUFggPSAnNjNyZW0nO1xuY29uc3QgU0NSSVBUX0xJTktfT0ZGU0VUX0JFTE9XXzI0MFBYID0gNTI7XG5jb25zdCBQQURESU5HX0FST1VORF9TVkdfQkVMT1dfNDAwUFggPSAxNjtcblxuY29uc3QgVFJBTlNQQVJFTlRfQk9SREVSID0gYDAuMDYyNXJlbSBzb2xpZCB0cmFuc3BhcmVudGA7XG5cbmNvbnN0IFN2Z1dyYXBwZXIgPSBzdHlsZWQuZGl2YFxuICBoZWlnaHQ6IDEwMCU7XG4gIHBvc2l0aW9uOiByZWxhdGl2ZTtcbiAgZGlzcGxheTogZmxleDtcbiAganVzdGlmeS1jb250ZW50OiBzcGFjZS1iZXR3ZWVuO1xuICBhbGlnbi1pdGVtczogY2VudGVyO1xuICBmbGV4LXdyYXA6IHdyYXA7XG4gIG1heC13aWR0aDogJHtTVkdfV1JBUFBFUl9NQVhfV0lEVEhfQUJPVkVfMTI4MFBYfTtcbiAgbWFyZ2luOiAwIGF1dG87XG5cbiAgQG1lZGlhIChtYXgtd2lkdGg6ICR7R0VMX0dST1VQXzBfU0NSRUVOX1dJRFRIX01BWH0pIHtcbiAgICBkaXNwbGF5OiBibG9jaztcbiAgfVxuYDtcblxuY29uc3QgQmFubmVyID0gc3R5bGVkLmRpdmBcbiAgYmFja2dyb3VuZC1jb2xvcjogJHtwcm9wcyA9PiBwcm9wcy50aGVtZS5wYWxldHRlLkJSQU5EX0JBQ0tHUk9VTkR9O1xuICBoZWlnaHQ6ICR7NDQgLyAxNn1yZW07XG4gIHdpZHRoOiAxMDAlO1xuICBwYWRkaW5nOiAwICR7R0VMX1NQQUNJTkd9O1xuXG4gIEBtZWRpYSAobWluLXdpZHRoOiAke0dFTF9HUk9VUF8yX1NDUkVFTl9XSURUSF9NSU59KSB7XG4gICAgaGVpZ2h0OiAkezU2IC8gMTZ9cmVtO1xuICAgIHBhZGRpbmc6IDAgJHtHRUxfU1BBQ0lOR19EQkx9O1xuICB9XG5cbiAgQG1lZGlhIChtaW4td2lkdGg6ICR7R0VMX0dST1VQXzNfU0NSRUVOX1dJRFRIX01JTn0pIHtcbiAgICBoZWlnaHQ6ICR7NjQgLyAxNn1yZW07XG4gIH1cblxuICBAbWVkaWEgKG1heC13aWR0aDogJHtHRUxfR1JPVVBfMF9TQ1JFRU5fV0lEVEhfTUFYfSkge1xuICAgICR7KHsgc2NyaXB0TGluaywgc3ZnSGVpZ2h0IH0pID0+XG4gICAgICBzY3JpcHRMaW5rICYmXG4gICAgICBgbWluLWhlaWdodDogJHtcbiAgICAgICAgKHN2Z0hlaWdodCArXG4gICAgICAgICAgUEFERElOR19BUk9VTkRfU1ZHX0JFTE9XXzQwMFBYICtcbiAgICAgICAgICBTQ1JJUFRfTElOS19PRkZTRVRfQkVMT1dfMjQwUFgpIC9cbiAgICAgICAgMTZcbiAgICAgIH1yZW07YH1cbiAgfVxuXG4gICR7KHsgYm9yZGVyVG9wIH0pID0+IGJvcmRlclRvcCAmJiBgYm9yZGVyLXRvcDogJHtUUkFOU1BBUkVOVF9CT1JERVJ9YH07XG4gICR7KHsgYm9yZGVyQm90dG9tIH0pID0+XG4gICAgYm9yZGVyQm90dG9tICYmIGBib3JkZXItYm90dG9tOiAke1RSQU5TUEFSRU5UX0JPUkRFUn1gfTtcbmA7XG5cbmNvbnN0IHN0eWxlZExpbmtPdXRsaW5lID0gYFxuICBjb250ZW50OiAnJztcbiAgcG9zaXRpb246IGFic29sdXRlO1xuICB0b3A6IDA7XG4gIGxlZnQ6IC0ke2ZvY3VzSW5kaWNhdG9yVGhpY2tuZXNzfTtcbiAgYm90dG9tOiAwO1xuICByaWdodDogLSR7Zm9jdXNJbmRpY2F0b3JUaGlja25lc3N9O1xuICBgO1xuXG5jb25zdCBTdHlsZWRMaW5rID0gc3R5bGVkLmFgXG4gIGhlaWdodDogMTAwJTtcbiAgZGlzcGxheTogZmxleDtcbiAgYWxpZ24taXRlbXM6IGNlbnRlcjtcbiAgcG9zaXRpb246IHJlbGF0aXZlO1xuICBib3R0b206IDAuMTI1cmVtO1xuICBwYWRkaW5nLXRvcDogMC4xMjVyZW07XG4gICY6aG92ZXIsXG4gICY6Zm9jdXMge1xuICAgIHRleHQtZGVjb3JhdGlvbjogbm9uZTtcbiAgICBib3JkZXItYm90dG9tOiAke0dFTF9TUEFDSU5HX0hMRn0gc29saWRcbiAgICAgICR7cHJvcHMgPT4gcHJvcHMudGhlbWUucGFsZXR0ZS5CUkFORF9MT0dPfTtcbiAgICBtYXJnaW4tYm90dG9tOiAtJHtHRUxfU1BBQ0lOR19ITEZ9O1xuICB9XG5cbiAgLyogQ3VzdG9tIGZvY3VzIGluZGljYXRvciBzdHlsaW5nIGFwcGxpZWQgdG8gcHNldWRvLWVsZW1lbnQuIEdsb2JhbCBmb2N1cyBpbmRpY2F0b3Igc3R5bGluZyBoYXMgYmVlbiByZW1vdmVkLiAqL1xuICAmOmZvY3VzLXZpc2libGU6OmFmdGVyIHtcbiAgICAke3N0eWxlZExpbmtPdXRsaW5lfVxuICAgIGJvcmRlci10b3A6ICR7R0VMX1NQQUNJTkdfSExGfSBzb2xpZCAke3Byb3BzID0+XG4gICAgICBwcm9wcy50aGVtZS5wYWxldHRlLkJSQU5EX0xPR099O1xuICAgIG91dGxpbmU6ICR7R0VMX1NQQUNJTkdfSExGfSBzb2xpZCAke3Byb3BzID0+IHByb3BzLnRoZW1lLnBhbGV0dGUuQlJBTkRfTE9HT307XG4gIH1cbmA7XG5cbi8vIGBjdXJyZW50Q29sb3JgIGhhcyBiZWVuIHVzZWQgdG8gYWRkcmVzcyBoaWdoIGNvbnRyYXN0IG1vZGUgaW4gRmlyZWZveC5cbmNvbnN0IEJyYW5kU3ZnID0gc3R5bGVkLnN2Z2BcbiAgYm94LXNpemluZzogY29udGVudC1ib3g7XG4gIGNvbG9yOiAke3Byb3BzID0+IHByb3BzLnRoZW1lLnBhbGV0dGUuQlJBTkRfTE9HT307XG4gIGZpbGw6IGN1cnJlbnRDb2xvcjtcbiAgaGVpZ2h0OiAkezIwIC8gMTZ9cmVtO1xuXG4gIEBtZWRpYSAobWluLXdpZHRoOiAke0dFTF9HUk9VUF8yX1NDUkVFTl9XSURUSF9NSU59KSB7XG4gICAgaGVpZ2h0OiAkezI0IC8gMTZ9cmVtO1xuICB9XG5cbiAgQG1lZGlhIChtaW4td2lkdGg6ICR7R0VMX0dST1VQXzNfU0NSRUVOX1dJRFRIX01JTn0pIHtcbiAgICBoZWlnaHQ6ICR7MzAgLyAxNn1yZW07XG4gIH1cblxuICBAbWVkaWEgc2NyZWVuIGFuZCAoLW1zLWhpZ2gtY29udHJhc3Q6IGFjdGl2ZSksIHByaW50IHtcbiAgICBmaWxsOiB3aW5kb3dUZXh0O1xuICB9XG5gO1xuXG5jb25zdCBMb2NhbGlzZWRCcmFuZE5hbWUgPSAoeyBsaW5rSWQsIHByb2R1Y3QsIHNlcnZpY2VMb2NhbGlzZWROYW1lIH0pID0+IHtcbiAgY29uc3QgYnJhbmRJZCA9IGBCcmFuZExpbmstJHtsaW5rSWR9YDtcbiAgcmV0dXJuIHNlcnZpY2VMb2NhbGlzZWROYW1lID8gKFxuICAgIC8vIGlkPXtgQnJhbmRMaW5rLSR7bGlua0lkfWAgaXMgYSB0ZW1wb3JhcnkgZml4IGZvciB0aGUgYTExeSBuZXN0ZWQgc3BhbidzIGJ1ZyBleHBlcmllbmNlZCBpbiBUYWxrQmFjaywgcmVmZXIgdG8gdGhlIGZvbGxvd2luZyBpc3N1ZTogaHR0cHM6Ly9naXRodWIuY29tL2JiYy9zaW1vcmdoL2lzc3Vlcy85NjUyXG4gICAgLy8gZXNsaW50LWRpc2FibGUtbmV4dC1saW5lIGpzeC1hMTF5L2FyaWEtcm9sZVxuICAgIDxWaXN1YWxseUhpZGRlblRleHQgcm9sZT1cInRleHRcIiBpZD17YnJhbmRJZH0+XG4gICAgICA8c3BhbiBsYW5nPVwiZW4tR0JcIj57YCR7cHJvZHVjdH0sIGB9PC9zcGFuPlxuICAgICAgPHNwYW4+e3NlcnZpY2VMb2NhbGlzZWROYW1lfTwvc3Bhbj5cbiAgICA8L1Zpc3VhbGx5SGlkZGVuVGV4dD5cbiAgKSA6IChcbiAgICA8VmlzdWFsbHlIaWRkZW5UZXh0IGlkPXticmFuZElkfT57cHJvZHVjdH08L1Zpc3VhbGx5SGlkZGVuVGV4dD5cbiAgKTtcbn07XG5cbkxvY2FsaXNlZEJyYW5kTmFtZS5wcm9wVHlwZXMgPSB7XG4gIGxpbmtJZDogc3RyaW5nLmlzUmVxdWlyZWQsXG4gIHByb2R1Y3Q6IHN0cmluZy5pc1JlcXVpcmVkLFxuICBzZXJ2aWNlTG9jYWxpc2VkTmFtZTogc3RyaW5nLFxufTtcblxuTG9jYWxpc2VkQnJhbmROYW1lLmRlZmF1bHRQcm9wcyA9IHtcbiAgc2VydmljZUxvY2FsaXNlZE5hbWU6IG51bGwsXG59O1xuXG5jb25zdCBTdHlsZWRCcmFuZCA9ICh7IGxpbmtJZCwgcHJvZHVjdCwgc2VydmljZUxvY2FsaXNlZE5hbWUsIHN2ZyB9KSA9PiAoXG4gIDw+XG4gICAge3N2ZyAmJiAoXG4gICAgICA8PlxuICAgICAgICA8QnJhbmRTdmdcbiAgICAgICAgICBpZD17bGlua0lkICE9PSAnZm9vdGVyJyA/ICdicmFuZFN2Z0hlYWRlcicgOiAnYnJhbmRTdmdGb290ZXInfVxuICAgICAgICAgIHZpZXdCb3g9e1tcbiAgICAgICAgICAgIHN2Zy52aWV3Ym94Lm1pblggfHwgMCxcbiAgICAgICAgICAgIHN2Zy52aWV3Ym94Lm1pblkgfHwgMCxcbiAgICAgICAgICAgIHN2Zy52aWV3Ym94LndpZHRoLFxuICAgICAgICAgICAgc3ZnLnZpZXdib3guaGVpZ2h0LFxuICAgICAgICAgIF0uam9pbignICcpfVxuICAgICAgICAgIHhtbG5zPVwiaHR0cDovL3d3dy53My5vcmcvMjAwMC9zdmdcIlxuICAgICAgICAgIGZvY3VzYWJsZT1cImZhbHNlXCJcbiAgICAgICAgICBhcmlhLWhpZGRlbj1cInRydWVcIlxuICAgICAgICAgIGhlaWdodD1cIjMyXCJcbiAgICAgICAgPlxuICAgICAgICAgIHtzdmcuZ3JvdXB9XG4gICAgICAgIDwvQnJhbmRTdmc+XG4gICAgICAgIDxMb2NhbGlzZWRCcmFuZE5hbWVcbiAgICAgICAgICBsaW5rSWQ9e2xpbmtJZH1cbiAgICAgICAgICBwcm9kdWN0PXtwcm9kdWN0fVxuICAgICAgICAgIHNlcnZpY2VMb2NhbGlzZWROYW1lPXtzZXJ2aWNlTG9jYWxpc2VkTmFtZX1cbiAgICAgICAgLz5cbiAgICAgIDwvPlxuICAgICl9XG4gIDwvPlxuKTtcblxuY29uc3QgYnJhbmRQcm9wcyA9IHtcbiAgbGlua0lkOiBzdHJpbmcuaXNSZXF1aXJlZCxcbiAgcHJvZHVjdDogc3RyaW5nLmlzUmVxdWlyZWQsXG4gIHNlcnZpY2VMb2NhbGlzZWROYW1lOiBzdHJpbmcsXG4gIHN2Zzogc2hhcGUoe1xuICAgIGdyb3VwOiBub2RlLmlzUmVxdWlyZWQsXG4gICAgcmF0aW86IG51bWJlci5pc1JlcXVpcmVkLFxuICAgIHZpZXdib3g6IHNoYXBlKHtcbiAgICAgIGhlaWdodDogbnVtYmVyLmlzUmVxdWlyZWQsXG4gICAgICB3aWR0aDogbnVtYmVyLmlzUmVxdWlyZWQsXG4gICAgfSkuaXNSZXF1aXJlZCxcbiAgfSkuaXNSZXF1aXJlZCxcbn07XG5cblN0eWxlZEJyYW5kLnByb3BUeXBlcyA9IGJyYW5kUHJvcHM7XG5cblN0eWxlZEJyYW5kLmRlZmF1bHRQcm9wcyA9IHtcbiAgc2VydmljZUxvY2FsaXNlZE5hbWU6IG51bGwsXG59O1xuXG5jb25zdCBCcmFuZCA9IGZvcndhcmRSZWYoKHByb3BzLCByZWYpID0+IHtcbiAgY29uc3Qge1xuICAgIHN2Z0hlaWdodCxcbiAgICBtYXhXaWR0aCxcbiAgICBtaW5XaWR0aCxcbiAgICB1cmwsXG4gICAgYm9yZGVyVG9wLFxuICAgIGJvcmRlckJvdHRvbSxcbiAgICBzY3JpcHRMaW5rLFxuICAgIHNraXBMaW5rLFxuICAgIGxpbmtJZCxcbiAgICAuLi5yZXN0XG4gIH0gPSBwcm9wcztcblxuICByZXR1cm4gKFxuICAgIDxCYW5uZXJcbiAgICAgIHN2Z0hlaWdodD17c3ZnSGVpZ2h0fVxuICAgICAgYm9yZGVyVG9wPXtib3JkZXJUb3B9XG4gICAgICBib3JkZXJCb3R0b209e2JvcmRlckJvdHRvbX1cbiAgICAgIHNjcmlwdExpbms9e3NjcmlwdExpbmt9XG4gICAgICB7Li4ucmVzdH1cbiAgICA+XG4gICAgICA8U3ZnV3JhcHBlciByZWY9e3JlZn0+XG4gICAgICAgIHt1cmwgPyAoXG4gICAgICAgICAgPFN0eWxlZExpbmtcbiAgICAgICAgICAgIGhyZWY9e3VybH1cbiAgICAgICAgICAgIGlkPXtsaW5rSWR9XG4gICAgICAgICAgICBjbGFzc05hbWU9XCJmb2N1c0luZGljYXRvclJlbW92ZVwiXG4gICAgICAgICAgICAvLyBUaGlzIGlzIGEgdGVtcG9yYXJ5IGZpeCBmb3IgdGhlIGExMXkgbmVzdGVkIHNwYW4ncyBidWcgZXhwZXJpZW5jZWQgaW4gVGFsa0JhY2ssIHJlZmVyIHRvIHRoZSBmb2xsb3dpbmcgaXNzdWU6IGh0dHBzOi8vZ2l0aHViLmNvbS9iYmMvc2ltb3JnaC9pc3N1ZXMvOTY1MlxuICAgICAgICAgICAgYXJpYS1sYWJlbGxlZGJ5PXtgQnJhbmRMaW5rLSR7bGlua0lkfWB9XG4gICAgICAgICAgPlxuICAgICAgICAgICAgPFN0eWxlZEJyYW5kIHsuLi5wcm9wc30gLz5cbiAgICAgICAgICA8L1N0eWxlZExpbms+XG4gICAgICAgICkgOiAoXG4gICAgICAgICAgPFN0eWxlZEJyYW5kIHsuLi5wcm9wc30gLz5cbiAgICAgICAgKX1cbiAgICAgICAge3NraXBMaW5rfVxuICAgICAgICB7c2NyaXB0TGluayAmJiA8ZGl2PntzY3JpcHRMaW5rfTwvZGl2Pn1cbiAgICAgIDwvU3ZnV3JhcHBlcj5cbiAgICA8L0Jhbm5lcj5cbiAgKTtcbn0pO1xuXG5CcmFuZC5kZWZhdWx0UHJvcHMgPSB7XG4gIHVybDogbnVsbCxcbiAgc2VydmljZUxvY2FsaXNlZE5hbWU6IG51bGwsXG4gIGJvcmRlclRvcDogZmFsc2UsXG4gIGJvcmRlckJvdHRvbTogZmFsc2UsXG4gIHNjcmlwdExpbms6IG51bGwsXG4gIHNraXBMaW5rOiBudWxsLFxuICBsaW5rSWQ6IG51bGwsXG59O1xuXG5CcmFuZC5wcm9wVHlwZXMgPSB7XG4gIC4uLmJyYW5kUHJvcHMsXG4gIHVybDogc3RyaW5nLFxuICBzZXJ2aWNlTG9jYWxpc2VkTmFtZTogc3RyaW5nLFxuICBib3JkZXJUb3A6IGJvb2wsXG4gIGJvcmRlckJvdHRvbTogYm9vbCxcbiAgc2NyaXB0TGluazogbm9kZSxcbiAgc2tpcExpbms6IG5vZGUsXG4gIGxpbmtJZDogc3RyaW5nLFxufTtcblxuZXhwb3J0IGRlZmF1bHQgQnJhbmQ7XG4iXX0= */.css-49uz87-visuallyHiddenText{-webkit-clip-path:inset(100%);clip-path:inset(100%);clip:rect(1px, 1px, 1px, 1px);height:1px;overflow:hidden;position:absolute;width:1px;margin:0;}/*# sourceMappingURL=data:application/json;charset=utf-8;base64,eyJ2ZXJzaW9uIjozLCJzb3VyY2VzIjpbIi9Vc2Vycy9zYWZmcmUwMS9zaW1vcmdoL3NyYy9hcHAvY29tcG9uZW50cy9WaXN1YWxseUhpZGRlblRleHQvaW5kZXguc3R5bGVzLnRzeCJdLCJuYW1lcyI6W10sIm1hcHBpbmdzIjoiQUFJSSIsImZpbGUiOiIvVXNlcnMvc2FmZnJlMDEvc2ltb3JnaC9zcmMvYXBwL2NvbXBvbmVudHMvVmlzdWFsbHlIaWRkZW5UZXh0L2luZGV4LnN0eWxlcy50c3giLCJzb3VyY2VzQ29udGVudCI6WyJpbXBvcnQgeyBjc3MgfSBmcm9tICdAZW1vdGlvbi9yZWFjdCc7XG5cbmNvbnN0IHN0eWxlcyA9IHtcbiAgdmlzdWFsbHlIaWRkZW5UZXh0OiAoKSA9PlxuICAgIGNzcyh7XG4gICAgICBjbGlwUGF0aDogJ2luc2V0KDEwMCUpJyxcbiAgICAgIGNsaXA6ICdyZWN0KDFweCwgMXB4LCAxcHgsIDFweCknLFxuICAgICAgaGVpZ2h0OiAnMXB4JyxcbiAgICAgIG92ZXJmbG93OiAnaGlkZGVuJyxcbiAgICAgIHBvc2l0aW9uOiAnYWJzb2x1dGUnLFxuICAgICAgd2lkdGg6ICcxcHgnLFxuICAgICAgbWFyZ2luOiAnMCcsXG4gICAgfSksXG59O1xuXG5leHBvcnQgZGVmYXVsdCBzdHlsZXM7XG4iXX0= */BBC News, Pidgin"`;

exports[`Canonical Live Header Navigation link should match text and url 1`] = `
{
  "text": "Home",
  "url": "/pidgin",
}
`;

exports[`Canonical Live Header Navigation link should match text and url 2`] = `
{
  "text": "Nigeria",
  "url": "/pidgin/topics/c2dwqd1zr92t",
}
`;

exports[`Canonical Live Header Navigation link should match text and url 3`] = `
{
  "text": "Africa",
  "url": "/pidgin/topics/c404v061z85t",
}
`;

exports[`Canonical Live Header Navigation link should match text and url 4`] = `
{
  "text": "World",
  "url": "/pidgin/topics/c0823e52dd0t",
}
`;

exports[`Canonical Live Header Navigation link should match text and url 5`] = `
{
  "text": "Video",
  "url": "/pidgin/topics/c3l19z3k1ert",
}
`;

exports[`Canonical Live Header Navigation link should match text and url 6`] = `
{
  "text": "Sport",
  "url": "/pidgin/topics/cjgn7gv77vrt",
}
`;

exports[`Canonical Live Header Navigation link should match text and url 7`] = `
{
  "text": "Entertainment",
  "url": "/pidgin/topics/cqywjyzk2vyt",
}
`;

exports[`Canonical Live Header Navigation link should match text and url 8`] = `
{
  "text": "Most popular",
  "url": "/pidgin/popular/read",
}
`;
